[11:19:38] === Iniciando scraping: https://www.exto.com.br/empreendimentos/chateau-jardin ===
[11:19:38] Baixando HTML...
[11:19:39] HTML salvo (693KB)
[11:19:39] Extraindo URLs de imagens...
[11:19:39] Imagens encontradas: 156
[11:19:39] Baixando imagens...
[11:19:39]   [1] Baixando: logo-exto-sem-slogan.png
[11:19:39]     -> 30 KB
[11:19:39]   [2] Baixando: regua-triangulo-1.png
[11:19:40]     -> 1 KB
[11:19:40]     DESCARTADA (< 5KB)
[11:19:40]   [3] Baixando: cama-alt-1.png
[11:19:40]     -> 0 KB
[11:19:40]     DESCARTADA (< 5KB)
[11:19:40]   [4] Baixando: Quadra-de-tenis.png
[11:19:40]     -> 1 KB
[11:19:40]     DESCARTADA (< 5KB)
[11:19:40]   [5] Baixando: teste.png
[11:19:41]     -> 2 KB
[11:19:41]     DESCARTADA (< 5KB)
[11:19:41]   [6] Baixando: CHATEAU_JARDIN_LUMIERE_PRACA-INTERNA-2_LR.jpg
[11:19:41]     -> 861 KB
[11:19:41]   [7] Baixando: Carrefour-Jardim-Desktop.jpg
[11:19:42]     -> 468 KB
[11:19:42]   [8] Baixando: Chateau-Jardin-Vista-aerea-do-lazer-1-1920x1200_c.jpg
[11:19:42]     -> 568 KB
[11:19:42]   [9] Baixando: Chateau-Jardin-Vista-aerea-do-lazer-3-1920x1200_c.jpg
[11:19:43]     -> 522 KB
[11:19:43]   [10] Baixando: Chateau-Jardin-Vista-aerea-do-lazer-2-2-1920x1200_c.jpg
[11:19:43]     -> 522 KB
[11:19:43]   [11] Baixando: Harmonie-Quadra-de-Tenis-de-saibro-1920x1200_c.jpg
[11:19:43]     -> 362 KB
[11:19:43]   [12] Baixando: Harmonie-Racket-club-1920x1200_c.png
[11:19:43]     -> 3141 KB
[11:19:44]   [13] Baixando: Harmonie-Piscina-descoberta-piscina-infantil-deck-molhado-e-solario-2-1920x1200_c.jpg
[11:19:44]     -> 545 KB
[11:19:44]   [14] Baixando: Harmonie-Piscina-descoberta-piscina-infantil-deck-molhado-e-solario-1920x1200_c.jpg
[11:19:44]     -> 430 KB
[11:19:44]   [15] Baixando: Harmonie-Quadra-de-padel-1920x1200_c.jpg
[11:19:44]     -> 438 KB
[11:19:44]   [16] Baixando: Harmonie-Piscina-coberta-de-25m-com-raia-1920x1200_c.png
[11:19:44]     -> 2861 KB
[11:19:45]   [17] Baixando: Harmonie-Wellness-Spa-com-hidromassagem-1920x1200_c.png
[11:19:45]     -> 2814 KB
[11:19:45]   [18] Baixando: Harmonie-Espaco-beauty-1920x1200_c.png
[11:19:45]     -> 2938 KB
[11:19:45]   [19] Baixando: Harmonie-Family-room-1920x1200_c.png
[11:19:45]     -> 3377 KB
[11:19:46]   [20] Baixando: Harmonie-Praca-2-1920x1200_c.jpg
[11:19:46]     -> 385 KB
[11:19:46]   [21] Baixando: Harmonie-Praca-1920x1200_c.jpg
[11:19:46]     -> 523 KB
[11:19:46]   [22] Baixando: Harmonie-Pet-place-Campo-gramado-1920x1200_c.jpg
[11:19:46]     -> 603 KB
[11:19:46]   [23] Baixando: Harmonie-Banho-pet-1920x1200_c.png
[11:19:46]     -> 2302 KB
[11:19:47]   [24] Baixando: Harmonie-Salao-de-festas-e-lounges-1920x1200_c.png
[11:19:47]     -> 2898 KB
[11:19:47]   [25] Baixando: Harmonie-Brinquedoteca-1920x1200_c.png
[11:19:47]     -> 2742 KB
[11:19:47]   [26] Baixando: Harmonie-Playground-1920x1200_c.jpg
[11:19:47]     -> 416 KB
[11:19:47]   [27] Baixando: Harmonie-Lobby-1920x1200_c.png
[11:19:47]     -> 2544 KB
[11:19:48]   [28] Baixando: Harmonie-Lobby-2-1920x1200_c.png
[11:19:48]     -> 2913 KB
[11:19:48]   [29] Baixando: Harmonie-Portico-Alto-padrao-construtivo-com-design-e-arquitetura-classica-com-projeto-assinado-por-Dina-Melaragno-1-1920x1200_c.jpg
[11:19:48]     -> 511 KB
[11:19:48]   [30] Baixando: Harmonie-Portico-Alto-padrao-construtivo-com-design-e-arquitetura-classica-com-projeto-assinado-por-Dina-Melaragno-2-1-1920x1200_c.jpg
[11:19:48]     -> 440 KB
[11:19:49]   [31] Baixando: Harmonie-Vista-lateral-da-fachada-1920x1200_c.jpg
[11:19:49]     -> 374 KB
[11:19:49]   [32] Baixando: Harmonie-Fachada-1920x1200_c.jpg
[11:19:49]     -> 353 KB
[11:19:49]   [33] Baixando: Quadra-de-tenis.webp
[11:19:49]     -> 1 KB
[11:19:49]     DESCARTADA (< 5KB)
[11:19:49]   [34] Baixando: Fitness-com-equipamentos-high-tech.webp
[11:19:49]     -> 1 KB
[11:19:49]     DESCARTADA (< 5KB)
[11:19:50]   [35] Baixando: Quadra-de-futebol-1.webp
[11:19:50]     -> 1 KB
[11:19:50]     DESCARTADA (< 5KB)
[11:19:50]   [36] Baixando: Piscina-climatizada-com-deck-molhado.webp
[11:19:50]     -> 2 KB
[11:19:50]     DESCARTADA (< 5KB)
[11:19:50]   [37] Baixando: Piscina-adulto-1.webp
[11:19:50]     -> 1 KB
[11:19:50]     DESCARTADA (< 5KB)
[11:19:50]   [38] Baixando: Salao-de-festas-gourmet.webp
[11:19:50]     -> 2 KB
[11:19:50]     DESCARTADA (< 5KB)
[11:19:51]   [39] Baixando: Salao-de-festas-gourmet-1.png
[11:19:51]     -> 2 KB
[11:19:51]     DESCARTADA (< 5KB)
[11:19:51]   [40] Baixando: Brinquedoteca.webp
[11:19:51]     -> 1 KB
[11:19:51]     DESCARTADA (< 5KB)
[11:19:51]   [41] Baixando: Playground-infantil.webp
[11:19:51]     -> 1 KB
[11:19:51]     DESCARTADA (< 5KB)
[11:19:51]   [42] Baixando: Salao-de-festas-2.webp
[11:19:51]     -> 1 KB
[11:19:51]     DESCARTADA (< 5KB)
[11:19:51]   [43] Baixando: Salao-de-Jogos-2.png
[11:19:51]     -> 2 KB
[11:19:51]     DESCARTADA (< 5KB)
[11:19:52]   [44] Baixando: Espaco-Beauty.png
[11:19:52]     -> 1 KB
[11:19:52]     DESCARTADA (< 5KB)
[11:19:52]   [45] Baixando: Espaco-Beauty-com-sala-de-massagem.png
[11:19:52]     -> 1 KB
[11:19:52]     DESCARTADA (< 5KB)
[11:19:52]   [46] Baixando: Spa-1.webp
[11:19:53]     -> 2 KB
[11:19:53]     DESCARTADA (< 5KB)
[11:19:53]   [47] Baixando: Sauna-2.webp
[11:19:53]     -> 2 KB
[11:19:53]     DESCARTADA (< 5KB)
[11:19:53]   [48] Baixando: Pet-1.webp
[11:19:53]     -> 2 KB
[11:19:53]     DESCARTADA (< 5KB)
[11:19:53]   [49] Baixando: Pet-Space-coberto-com-area-de-banho.png
[11:19:53]     -> 3 KB
[11:19:53]     DESCARTADA (< 5KB)
[11:19:53]   [50] Baixando: Equipamentos-eletronicos.png
[11:19:53]     -> 3 KB
[11:19:53]     DESCARTADA (< 5KB)
[11:19:54]   [51] Baixando: CJ-decor-harmonie-86-1920x1200_c.jpg
[11:19:54]     -> 274 KB
[11:19:54]   [52] Baixando: CJ-decor-harmonie-77-1920x1200_c.jpg
[11:19:54]     -> 272 KB
[11:19:54]   [53] Baixando: CJ-decor-harmonie-79-1920x1200_c.jpg
[11:19:54]     -> 215 KB
[11:19:54]   [54] Baixando: CJ-decor-harmonie-106-1920x1200_c.jpg
[11:19:54]     -> 221 KB
[11:19:54]   [55] Baixando: CJ-decor-harmonie-54-1920x1200_c.jpg
[11:19:54]     -> 1345 KB
[11:19:55]   [56] Baixando: CJ-decor-harmonie-91-1920x1200_c.jpg
[11:19:55]     -> 210 KB
[11:19:55]   [57] Baixando: CJ-decor-harmonie-57-1920x1200_c.jpg
[11:19:55]     -> 284 KB
[11:19:55]   [58] Baixando: CJ-decor-harmonie-69-1920x1200_c.jpg
[11:19:55]     -> 247 KB
[11:19:55]   [59] Baixando: CJ-decor-harmonie-33-1920x1200_c.jpg
[11:19:55]     -> 262 KB
[11:19:55]   [60] Baixando: CJ-decor-harmonie-71-1920x1200_c.jpg
[11:19:56]     -> 117 KB
[11:19:56]   [61] Baixando: CJ-decor-harmonie-10-1920x1200_c.jpg
[11:19:56]     -> 238 KB
[11:19:56]     -> 230 KB
[11:19:57]   [63] Baixando: CJ-decor-harmonie-1-2-1920x1200_c.jpg
[11:19:57]     -> 184 KB
[11:19:57]   [64] Baixando: CJ-H-decor215-40-1920x1200_c.jpg
[11:19:57]     -> 101 KB
[11:19:57]     -> 158 KB
[11:19:58]   [66] Baixando: CJ-H-decor215-116-2-1920x1200_c.jpg
[11:19:58]     -> 67 KB
[11:19:58]   [67] Baixando: CJ-H-decor215-53-1920x1200_c.jpg
[11:19:58]     -> 249 KB
[11:19:58]   [68] Baixando: CJ-H-decor215-45-2-1920x1200_c.jpg
[11:19:58]     -> 100 KB
[11:19:58]   [69] Baixando: Priorizacao-de-iluminacao-e-ventilacao-naturais-para-reduzir-o-consumo-de-energia-eletrica.png
[11:19:59]     -> 1 KB
[11:19:59]     DESCARTADA (< 5KB)
[11:19:59]   [70] Baixando: Piso-do-terraco-nivelado-com-o-da-sala.png
[11:19:59]     -> 1 KB
[11:19:59]     DESCARTADA (< 5KB)
[11:19:59]   [71] Baixando: Biometria-2.png
[11:19:59]     -> 3 KB
[11:19:59]     DESCARTADA (< 5KB)
[11:19:59]   [72] Baixando: Halls-e-Elevadores-Privativos%E2%80%8B.png
[11:19:59]     -> 1 KB
[11:19:59]     DESCARTADA (< 5KB)
[11:20:00]   [73] Baixando: electric-generator_7702213-1.png
[11:20:00]     -> 1 KB
[11:20:00]     DESCARTADA (< 5KB)
[11:20:00]   [74] Baixando: Gerador-que-alimenta-pontos-de-forca-e-iluminacao-nas-unidades.png
[11:20:00]     -> 1 KB
[11:20:00]     DESCARTADA (< 5KB)
[11:20:00]   [75] Baixando: Infraestrutura-completa-para-ar-condicionado-no-living-e-suites.png
[11:20:00]     -> 1 KB
[11:20:00]     DESCARTADA (< 5KB)
[11:20:01]   [76] Baixando: Caixilhos-das-suites-com-dimensoes-especiais-e-persianas-integradas.png
[11:20:01]     -> 1 KB
[11:20:01]     DESCARTADA (< 5KB)
[11:20:01]   [77] Baixando: balcony_14380599-1.png
[11:20:01]     -> 1 KB
[11:20:01]     DESCARTADA (< 5KB)
[11:20:01]   [78] Baixando: Infraestrutura-para-instalacao-de-churrasqueira-a-gas.png
[11:20:02]     -> 1 KB
[11:20:02]     DESCARTADA (< 5KB)
[11:20:02]   [79] Baixando: Ponto-de-agua-para-o-filtro-e-para-a-geladeira-da-cozinha.png
[11:20:02]     -> 1 KB
[11:20:02]     DESCARTADA (< 5KB)
[11:20:02]   [80] Baixando: Infraestrutura-para-medicao-individual-de-agua-e-gas.png
[11:20:02]     -> 4 KB
[11:20:02]     DESCARTADA (< 5KB)
[11:20:02]   [81] Baixando: Projeto-de-tecnologia_-maximizacao-do-sinal-de-wi-fi.png
[11:20:02]     -> 1 KB
[11:20:03]     DESCARTADA (< 5KB)
[11:20:03]   [82] Baixando: Alvenaria-em-blocos-ceramicos-para-conforto-termico-e-acustico.png
[11:20:03]     -> 1 KB
[11:20:03]     DESCARTADA (< 5KB)
[11:20:03]   [83] Baixando: Lumiere-Wellness-Spa-com-hidromassagem-1.png
[11:20:03]     -> 547 KB
[11:20:03]   [84] Baixando: Chateau-Jardin-Harmonie-185m%C2%B2-3-Suites-1.jpg
[11:20:03]     -> 112 KB
[11:20:04]   [85] Baixando: Chateau-Jardin-Harmonie-185m%C2%B2-3-Suites-Living-cozinha-e-terraco-integrados-1.jpg
[11:20:04]     -> 111 KB
[11:20:04]   [86] Baixando: Chateau-Jardin-Harmonie-215m%C2%B2-3-Suites-Suite-master-e-banho-master-ampliados-Living-cozinha-e-terraco-integrados-1.jpg
[11:20:04]     -> 107 KB
[11:20:04]   [87] Baixando: Chateau-Jardin-Harmonie-215m%C2%B2-4-Suites-1.jpg
[11:20:04]     -> 109 KB
[11:20:04]   [88] Baixando: Chateau-Jardin-Harmonie-248m%C2%B2-4-Suites-1.jpg
[11:20:04]     -> 80 KB
[11:20:05]   [89] Baixando: Apresentacao-1.png
[11:20:05]     -> 595 KB
[11:20:05]   [90] Baixando: Chateau-Jardin-Harmonie-248m%C2%B2-4-Suites-Living-cozinha-e-terraco-integrados-1.jpg
[11:20:05]     -> 78 KB
[11:20:05]   [91] Baixando: Chateau-Jardin-Lumiere-355m%C2%B2-3-Suites-Office-Cozinha-ampliada-Living-e-terraco-integrados.jpg
[11:20:06]     -> 102 KB
[11:20:06]   [92] Baixando: Chateau-Jardin-Lumiere-355m%C2%B2-4-Suites.jpg
[11:20:06]     -> 105 KB
[11:20:06]   [93] Baixando: Mapa_estudo_final_HR-2-1.jpg
[11:20:07]     -> 552 KB
[11:20:07]   [94] Baixando: images-1.png
[11:20:07]     -> 20 KB
[11:20:07]   [95] Baixando: oie_PQohGjmcKcOr-1.png
[11:20:07]     -> 14 KB
[11:20:08]   [96] Baixando: cidade-jardim.jpg
[11:20:08]     -> 349 KB
[11:20:08]   [97] Baixando: Ponte-Estaiada.jpg
[11:20:08]     -> 271 KB
[11:20:08]   [98] Baixando: Clube-Paineiras-Morumby.jpg
[11:20:08]     -> 175 KB
[11:20:08]   [99] Baixando: Shopping-Cidade-Jardim.jpg
[11:20:08]     -> 382 KB
[11:20:08]   [100] Baixando: Hospital-Israelita-Albert-Einstein.jpg
[11:20:08]     -> 78 KB
[11:20:09]   [101] Baixando: logo-exto-1-1.png
[11:20:09]     -> 4 KB
[11:20:09]     DESCARTADA (< 5KB)
[11:20:09]   [102] Baixando: logo-white-3.png
[11:20:09]     -> 7 KB
[11:20:09]   [103] Baixando: logo-exto2.png
[11:20:09]     -> 5 KB
[11:20:09]     DESCARTADA (< 5KB)
[11:20:09]   [104] Baixando: logo-exto-1.png
[11:20:10]     -> 4 KB
[11:20:10]     DESCARTADA (< 5KB)
[11:20:10]   [105] Baixando: Harmonie-Quadra-de-Tenis-de-saibro-1.jpg
[11:20:10]     -> 69 KB
[11:20:10]   [106] Baixando: Harmonie-Vista-lateral-da-fachada-1.jpg
[11:20:10]     -> 73 KB
[11:20:10]   [107] Baixando: Chateau-Jardin-Vista-aerea-do-lazer-1.jpg
[11:20:11]     -> 515 KB
[11:20:11]   [108] Baixando: Chateau-Jardin-Vista-aerea-do-lazer-3.jpg
[11:20:11]     -> 471 KB
[11:20:11]   [109] Baixando: Chateau-Jardin-Vista-aerea-do-lazer-2-2.jpg
[11:20:11]     -> 469 KB
[11:20:12]   [110] Baixando: Harmonie-Quadra-de-Tenis-de-saibro.jpg
[11:20:12]     -> 322 KB
[11:20:12]   [111] Baixando: Harmonie-Racket-club.png
[11:20:12]     -> 911 KB
[11:20:13]   [112] Baixando: Harmonie-Piscina-descoberta-piscina-infantil-deck-molhado-e-solario-2.jpg
[11:20:13]     -> 495 KB
[11:20:13]   [113] Baixando: Harmonie-Piscina-descoberta-piscina-infantil-deck-molhado-e-solario.jpg
[11:20:14]     -> 370 KB
[11:20:14]   [114] Baixando: Harmonie-Quadra-de-padel.jpg
[11:20:14]     -> 380 KB
[11:20:14]   [115] Baixando: Harmonie-Piscina-coberta-de-25m-com-raia.png
[11:20:15]     -> 796 KB
[11:20:15]   [116] Baixando: Harmonie-Wellness-Spa-com-hidromassagem.png
[11:20:15]     -> 833 KB
[11:20:15]   [117] Baixando: Harmonie-Espaco-beauty.png
[11:20:16]     -> 756 KB
[11:20:16]   [118] Baixando: Harmonie-Family-room.png
[11:20:17]     -> 1010 KB
[11:20:17]   [119] Baixando: Harmonie-Praca-2.jpg
[11:20:17]     -> 355 KB
[11:20:17]   [120] Baixando: Harmonie-Praca.jpg
[11:20:18]     -> 480 KB
[11:20:18]   [121] Baixando: Harmonie-Pet-place-Campo-gramado.jpg
[11:20:19]     -> 561 KB
[11:20:19]   [122] Baixando: Harmonie-Banho-pet.png
[11:20:19]     -> 522 KB
[11:20:19]   [123] Baixando: Harmonie-Salao-de-festas-e-lounges.png
[11:20:20]     -> 815 KB
[11:20:20]   [124] Baixando: Harmonie-Brinquedoteca.png
[11:20:21]     -> 858 KB
[11:20:21]   [125] Baixando: Harmonie-Playground.jpg
[11:20:22]     -> 366 KB
[11:20:22]   [126] Baixando: Harmonie-Lobby.png
[11:20:23]     -> 705 KB
[11:20:23]   [127] Baixando: Harmonie-Lobby-2.png
[11:20:24]     -> 754 KB
[11:20:24]   [128] Baixando: Harmonie-Portico-Alto-padrao-construtivo-com-design-e-arquitetura-classica-com-projeto-assinado-por-Dina-Melaragno-1.jpg
[11:20:25]     -> 476 KB
[11:20:25]   [129] Baixando: Harmonie-Portico-Alto-padrao-construtivo-com-design-e-arquitetura-classica-com-projeto-assinado-por-Dina-Melaragno-2-1.jpg
[11:20:26]     -> 403 KB
[11:20:26]   [130] Baixando: Harmonie-Vista-lateral-da-fachada.jpg
[11:20:27]     -> 335 KB
[11:20:27]   [131] Baixando: Harmonie-Fachada.jpg
[11:20:27]     -> 301 KB
[11:20:28]   [132] Baixando: CJ-decor-harmonie-86.jpg
[11:20:29]     -> 262 KB
[11:20:29]   [133] Baixando: CJ-decor-harmonie-77.jpg
[11:20:30]     -> 260 KB
[11:20:30]   [134] Baixando: CJ-decor-harmonie-79.jpg
[11:20:30]     -> 215 KB
[11:20:31]   [135] Baixando: CJ-decor-harmonie-106.jpg
[11:20:31]     -> 223 KB
[11:20:31]   [136] Baixando: CJ-decor-harmonie-54.jpg
[11:20:32]     -> 203 KB
[11:20:32]   [137] Baixando: CJ-decor-harmonie-91.jpg
[11:20:32]     -> 204 KB
[11:20:32]   [138] Baixando: CJ-decor-harmonie-57.jpg
[11:20:33]     -> 268 KB
[11:20:33]   [139] Baixando: CJ-decor-harmonie-69.jpg
[11:20:34]     -> 235 KB
[11:20:34]   [140] Baixando: CJ-decor-harmonie-33.jpg
[11:20:35]     -> 248 KB
[11:20:35]   [141] Baixando: CJ-decor-harmonie-71.jpg
[11:20:35]     -> 97 KB
[11:20:35]   [142] Baixando: CJ-decor-harmonie-10.jpg
[11:20:36]     -> 239 KB
[11:20:36]   [143] Baixando: CJ-H-decor215-41.jpg
[11:20:37]     -> 223 KB
[11:20:37]   [144] Baixando: CJ-decor-harmonie-1-2.jpg
[11:20:37]     -> 188 KB
[11:20:37]   [145] Baixando: CJ-H-decor215-40.jpg
[11:20:38]   [146] Baixando: CJ-decor-harmonie-4.jpg
[11:20:39]     -> 161 KB
[11:20:39]   [147] Baixando: CJ-H-decor215-116-2.jpg
[11:20:39]   [148] Baixando: CJ-H-decor215-53.jpg
[11:20:40]     -> 240 KB
[11:20:40]   [149] Baixando: CJ-H-decor215-45-2.jpg
[11:20:41]     -> 85 KB
[11:20:41]   [150] Baixando: Chateau-Jardin-Vista-aerea-do-lazer.jpg
[11:20:42]     -> 174 KB
[11:20:42]   [151] Baixando: Palm-Collection-Piscina-com-raia-de-20m-1-scaled.jpg
[11:20:42]     -> 942 KB
[11:20:42]   [152] Baixando: Piscina-descoberta-com-deck-molhado-e-Solario.jpg
[11:20:43]     -> 392 KB
[11:20:43]   [153] Baixando: 14-THE-VIEW-EMPREENDIMENTO-DESKTOP.jpg
[11:20:43]     -> 313 KB
[11:20:43]   [154] Baixando: PERSPECTIVAS-SPLEND-DESKTOP-23.jpg
[11:20:43]     -> 211 KB
[11:20:43]   [155] Baixando: 20-Detalhe-da-fachada.jpg
[11:20:43]     -> 364 KB
[11:20:44]   [156] Baixando: EMPREENDIMENTO-ONLY-DESKTOP-14.jpg
[11:20:44]     -> 384 KB
[11:20:44] Download concluido: 117 imagens | 0 falhas
[11:20:44] Extraindo textos...
[11:20:45] Salvando JSON...
[11:20:45] 
[11:20:45] =========================================
[11:20:45]   SCRAPING CONCLUIDO
[11:20:45]   Imagens       : 117
[11:20:45]   Titulos       : 140
[11:20:45]   Paragrafos    : 129
[11:20:45]   Itens lista   : 62
[11:20:45]   Iframes       : 3
[11:20:45]   Videos        : 1
[11:20:45]   WhatsApp      : 0
[11:20:45]   Telefones     : 1
[11:20:45]   JSON salvo em : C:\Users\Marco\Documents\Landing page Coelho\assets\site_data.json
[11:20:45] =========================================
